#-----------------------------------------------------------
# Vivado v2015.2 (64-bit)
# SW Build 1266856 on Fri Jun 26 16:35:25 MDT 2015
# IP Build 1264090 on Wed Jun 24 14:22:01 MDT 2015
# Start of session at: Sat Jul 28 11:48:39 2018
# Process ID: 1268
# Log file: C:/Users/Tung/Desktop/AXIS_Convolution_v1/axi_conv_fp_3x3/vivado.log
# Journal file: C:/Users/Tung/Desktop/AXIS_Convolution_v1/axi_conv_fp_3x3\vivado.jou
#-----------------------------------------------------------
start_gui
open_project C:/Users/Tung/Desktop/AXIS_Convolution_v1/axi_conv_fp_3x3/axi_conv_fp_3x3.xpr
launch_sdk -workspace C:/Users/Tung/Desktop/AXIS_Convolution_v1/axi_conv_fp_3x3/axi_conv_fp_3x3.sdk -hwspec C:/Users/Tung/Desktop/AXIS_Convolution_v1/axi_conv_fp_3x3/axi_conv_fp_3x3.sdk/design_1_wrapper.hdf
open_bd_design {C:/Users/Tung/Desktop/AXIS_Convolution_v1/axi_conv_fp_3x3/axi_conv_fp_3x3.srcs/sources_1/bd/design_1/design_1.bd}
startgroup
set_property -dict [list CONFIG.PCW_USE_FABRIC_INTERRUPT {1} CONFIG.PCW_IRQ_F2P_INTR {1}] [get_bd_cells processing_system7_0]
endgroup
connect_bd_net [get_bd_pins axi_dma_0/s2mm_introut] [get_bd_pins processing_system7_0/IRQ_F2P]
regenerate_bd_layout
regenerate_bd_layout
save_bd_design
regenerate_bd_layout
save_bd_design
reset_run synth_1
launch_runs impl_1 -to_step write_bitstream -jobs 2
wait_on_run impl_1
launch_sdk -workspace C:/Users/Tung/Desktop/AXIS_Convolution_v1/axi_conv_fp_3x3/axi_conv_fp_3x3.sdk -hwspec C:/Users/Tung/Desktop/AXIS_Convolution_v1/axi_conv_fp_3x3/axi_conv_fp_3x3.sdk/design_1_wrapper.hdf
write_hwdef -force  -file C:/Users/Tung/Desktop/AXIS_Convolution_v1/axi_conv_fp_3x3/axi_conv_fp_3x3.sdk/design_1_wrapper.hdf
launch_sdk -workspace C:/Users/Tung/Desktop/AXIS_Convolution_v1/axi_conv_fp_3x3/axi_conv_fp_3x3.sdk -hwspec C:/Users/Tung/Desktop/AXIS_Convolution_v1/axi_conv_fp_3x3/axi_conv_fp_3x3.sdk/design_1_wrapper.hdf
write_hwdef -force  -file C:/Users/Tung/Desktop/AXIS_Convolution_v1/axi_conv_fp_3x3/axi_conv_fp_3x3.sdk/design_1_wrapper.hdf
launch_sdk -workspace C:/Users/Tung/Desktop/AXIS_Convolution_v1/axi_conv_fp_3x3/axi_conv_fp_3x3.sdk -hwspec C:/Users/Tung/Desktop/AXIS_Convolution_v1/axi_conv_fp_3x3/axi_conv_fp_3x3.sdk/design_1_wrapper.hdf
ipx::edit_ip_in_project -upgrade true -name axi_conv_fp_3x3_v1_0_v1_0_project -directory C:/Users/Tung/Desktop/AXIS_Convolution_v1/axi_conv_fp_3x3/axi_conv_fp_3x3.tmp/axi_conv_fp_3x3_v1_0_v1_0_project c:/Users/Tung/Desktop/AXIS_Convolution_v1/ip_repo/axi_conv_fp_3x3_1.0/component.xml
close_project
ipx::edit_ip_in_project -upgrade true -name axi_conv_fp_3x3_v1_0_v1_0_project -directory C:/Users/Tung/Desktop/AXIS_Convolution_v1/axi_conv_fp_3x3/axi_conv_fp_3x3.tmp/axi_conv_fp_3x3_v1_0_v1_0_project c:/Users/Tung/Desktop/AXIS_Convolution_v1/ip_repo/axi_conv_fp_3x3_1.0/component.xml
close_project
